C:\software\vs22\MSBuild\Microsoft\VC\v170\Microsoft.CppBuild.targets(531,5): warning MSB8028: The intermediate directory (Debug\) contains files shared from another project (grk-cw7.vcxproj).  This can lead to incorrect clean and rebuild behavior.
  imgui_impl_glfw.cpp
  imgui_impl_opengl3.cpp
  imgui.cpp
  imgui_draw.cpp
  imgui_tables.cpp
  imgui_widgets.cpp
  Kiste.cpp
  Kamera.cpp
  haupt.cpp
C:\Program Files (x86)\Windows Kits\10\Include\10.0.26100.0\shared\minwindef.h(130,9): warning C4005: 'APIENTRY': macro redefinition
  (compiling source file 'src/haupt.cpp')
      J:\grk-projekt\computergrafik-unterwasser-simulation\dependencies\glfw-3.3.8.bin.WIN32\include\GLFW\glfw3.h(123,11):
      see previous definition of 'APIENTRY'
  
J:\grk-projekt\computergrafik-unterwasser-simulation\cw 7\src\obenwasser.hpp(142,10): warning C4305: 'initializing': truncation from 'double' to 'float'
  (compiling source file 'src/haupt.cpp')
  
J:\grk-projekt\computergrafik-unterwasser-simulation\cw 7\src\obenwasser.hpp(213,13): warning C4244: 'initializing': conversion from 'double' to 'float', possible loss of data
  (compiling source file 'src/haupt.cpp')
  
  Render_Utils.cpp
  Shader_Loader.cpp
  Texture.cpp
  Generating Code...
  image_DXT.c
J:\grk-projekt\computergrafik-unterwasser-simulation\cw 7\src\SOIL\image_DXT.c(92,9): warning C4996: 'fopen': This function or variable may be unsafe. Consider using fopen_s instead. To disable deprecation, use _CRT_SECURE_NO_WARNINGS. See online help for details.
  image_helper.c
J:\grk-projekt\computergrafik-unterwasser-simulation\cw 7\src\SOIL\image_helper.c(325,17): warning C4244: 'initializing': conversion from 'double' to 'float', possible loss of data
J:\grk-projekt\computergrafik-unterwasser-simulation\cw 7\src\SOIL\image_helper.c(366,13): warning C4244: '=': conversion from 'double' to 'float', possible loss of data
J:\grk-projekt\computergrafik-unterwasser-simulation\cw 7\src\SOIL\image_helper.c(373,20): warning C4244: '=': conversion from 'float' to 'int', possible loss of data
J:\grk-projekt\computergrafik-unterwasser-simulation\cw 7\src\SOIL\image_helper.c(415,13): warning C4244: '=': conversion from 'double' to 'float', possible loss of data
J:\grk-projekt\computergrafik-unterwasser-simulation\cw 7\src\SOIL\image_helper.c(422,20): warning C4244: '=': conversion from 'float' to 'int', possible loss of data
  SOIL.c
J:\grk-projekt\computergrafik-unterwasser-simulation\cw 7\src\SOIL\SOIL.c(1719,36): warning C4018: '<=': signed/unsigned mismatch
J:\grk-projekt\computergrafik-unterwasser-simulation\cw 7\src\SOIL\SOIL.c(1729,19): warning C4018: '<': signed/unsigned mismatch
J:\grk-projekt\computergrafik-unterwasser-simulation\cw 7\src\SOIL\SOIL.c(1841,6): warning C4996: 'fopen': This function or variable may be unsafe. Consider using fopen_s instead. To disable deprecation, use _CRT_SECURE_NO_WARNINGS. See online help for details.
  stb_image_aug.c
J:\grk-projekt\computergrafik-unterwasser-simulation\cw 7\src\SOIL\stbi_DDS_aug_c.h(362,19): warning C4018: '>': signed/unsigned mismatch
  (compiling source file 'src/SOIL/stb_image_aug.c')
  
J:\grk-projekt\computergrafik-unterwasser-simulation\cw 7\src\SOIL\stbi_DDS_aug_c.h(366,19): warning C4018: '>': signed/unsigned mismatch
  (compiling source file 'src/SOIL/stb_image_aug.c')
  
J:\grk-projekt\computergrafik-unterwasser-simulation\cw 7\src\SOIL\stbi_DDS_aug_c.h(390,19): warning C4018: '<': signed/unsigned mismatch
  (compiling source file 'src/SOIL/stb_image_aug.c')
  
J:\grk-projekt\computergrafik-unterwasser-simulation\cw 7\src\SOIL\stbi_DDS_aug_c.h(427,19): warning C4018: '<': signed/unsigned mismatch
  (compiling source file 'src/SOIL/stb_image_aug.c')
  
  Generating Code...
imgui_impl_glfw.obj : warning LNK4075: ignoring '/EDITANDCONTINUE' due to '/INCREMENTAL:NO' specification
LINK : warning LNK4098: defaultlib 'MSVCRT' conflicts with use of other libs; use /NODEFAULTLIB:library
  grk-cw7.vcxproj -> J:\grk-projekt\computergrafik-unterwasser-simulation\Debug\unterwasser.exe
